
layer at (0,0) size 800x600
  RenderView at (0,0) size 800x600
layer at (0,0) size 800x600
  RenderBlock {HTML} at (0,0) size 800x600
    RenderBody {BODY} at (8,8) size 784x584
      RenderBlock {P} at (0,0) size 784x20
        RenderText {#text} at (0,0) size 348x19
          text run at (0,0) width 348: "Making sure the controller looks ok after a second load()."
      RenderBlock (anonymous) at (0,36) size 784x150
        RenderText {#text} at (0,0) size 0x0
        RenderText {#text} at (0,0) size 0x0
        RenderText {#text} at (0,0) size 0x0
layer at (8,44) size 300x150
  RenderVideo {VIDEO} at (0,0) size 300x150
layer at (8,44) size 300x150
  RenderBlock (relative positioned) {DIV} at (0,0) size 300x150
layer at (8,162) size 300x32
  RenderFlexibleBox (positioned) {DIV} at (0,118) size 300x32 [bgcolor=#00000099]
layer at (15,168) size 18x19
  RenderButton {INPUT} at (7,6) size 18x19
layer at (38,162) size 236x32
  RenderFlexibleBox (positioned) {DIV} at (30,0) size 236x32 [border: (1px solid #FFFFFF33) none (1px solid #FFFFFF33)]
layer at (215,168) size 58x20
  RenderBlock (positioned) {DIV} at (177,6) size 58x20 [color=#FFFFFF]
    RenderText {#text} at (8,1) size 42x19
      text run at (8,1) width 42: "00:00"
layer at (45,169) size 163x24
  RenderSlider {INPUT} at (7,7) size 163x18 [color=#328CDF] [bgcolor=#FFFFFF14] [border: (1px solid #FFFFFF33)]
    RenderBlock {DIV} at (3,-5) size 9x29
layer at (274,162) size 34x32
  RenderButton {INPUT} at (266,0) size 34x32
